mysql> SHOW DATABASES;
+--------------------+
| Database           |
+--------------------+
| information_schema |
| mysql              |
| performance_schema |
| sys                |
+--------------------+
4 rows in set (0.001 sec)

mysql> CREATE DATABASE Confeitaria;
Query OK, 1 row affected (0.003 sec)

mysql> SHOW DATABASES;
+--------------------+
| Database           |
+--------------------+
| Confeitaria        |
| information_schema |
| mysql              |
| performance_schema |
| sys                |
+--------------------+
5 rows in set (0.002 sec)

mysql> notee
mysql> SHOW DATABASES;
+--------------------+
| Database           |
+--------------------+
| Confeitaria        |
| information_schema |
| mysql              |
| performance_schema |
| sys                |
+--------------------+
5 rows in set (0.002 sec)

mysql> USE Confeitaria;
Database changed
mysql> \#
mysql> CREATE TABLE Bolo (
    -> id INT PRIMARY KEY AUTO_INCREMENT,
    -> nome VARCHAR(100) NOT NULL,
    -> preco DECIMAL(10,2) NOT NULL, 
    -> quantidade INT NOT NULL,
    -> CHECK(preco > 0 AND quantidade > 0));
Query OK, 0 rows affected (0.025 sec)

mysql> DESC Bolo;
+------------+---------------+------+-----+---------+----------------+
| Field      | Type          | Null | Key | Default | Extra          |
+------------+---------------+------+-----+---------+----------------+
| id         | int           | NO   | PRI | NULL    | auto_increment |
| nome       | varchar(100)  | NO   |     | NULL    |                |
| preco      | decimal(10,2) | NO   |     | NULL    |                |
| quantidade | int           | NO   |     | NULL    |                |
+------------+---------------+------+-----+---------+----------------+
4 rows in set (0.005 sec)

mysql> SHOW CREATE TABLE Bolo;
+-------+----------------------------------------------------------------------------------------------------------------------------------------------------------------------------------------------------------------------------------------------------------------------------------------------------------------------------+
| Table | Create Table                                                                                                                                                                                                                                                                                                               |
+-------+----------------------------------------------------------------------------------------------------------------------------------------------------------------------------------------------------------------------------------------------------------------------------------------------------------------------------+
| Bolo  | CREATE TABLE `Bolo` (
  `id` int NOT NULL AUTO_INCREMENT,
  `nome` varchar(100) NOT NULL,
  `preco` decimal(10,2) NOT NULL,
  `quantidade` int NOT NULL,
  PRIMARY KEY (`id`),
  CONSTRAINT `Bolo_chk_1` CHECK (((`preco` > 0) and (`quantidade` > 0)))
) ENGINE=InnoDB DEFAULT CHARSET=utf8mb4 COLLATE=utf8mb4_0900_ai_ci |
+-------+----------------------------------------------------------------------------------------------------------------------------------------------------------------------------------------------------------------------------------------------------------------------------------------------------------------------------+
1 row in set (0.047 sec)

mysql> INSERT INTO Bolo VALUES('formigueiro', '25.90', '5')
    -> ;
ERROR 1136 (21S01): Column count doesn't match value count at row 1
mysql> INSERT INTO Bolo (nome, preco, quantidade) VALUES('formigueiro', '25.90', '5');
Query OK, 1 row affected (0.045 sec)

mysql> SELECT * FROM Bolo;
+----+-------------+-------+------------+
| id | nome        | preco | quantidade |
+----+-------------+-------+------------+
|  1 | formigueiro | 25.90 |          5 |
+----+-------------+-------+------------+
1 row in set (0.001 sec)

mysql> INSERT INTO Bolo (nome, preco, quantidade) VALUES('formigueiro', '-25.90', '5');
ERROR 3819 (HY000): Check constraint 'Bolo_chk_1' is violated.
mysql> INSERT INTO Bolo (nome, preco, quantidade) VALUES('fuba', '25.90', '2');
Query OK, 1 row affected (0.045 sec)

mysql> INSERT INTO Bolo (nome, preco, quantidade) VALUES('cenoura com cobertura de chocolate', '55.99', '10');
Query OK, 1 row affected (0.045 sec)

mysql> INSERT INTO Bolo (nome, preco, quantidade) VALUES('Bolo de milho', '35.59', '12');
Query OK, 1 row affected (0.044 sec)

mysql> ALTER TABLE Bolo
    -> DROP CONSTRAINT Bolo_chk_1;
Query OK, 0 rows affected (0.052 sec)
Records: 0  Duplicates: 0  Warnings: 0

mysql> SHOW CREATE TABLE Bolo;
+-------+-------------------------------------------------------------------------------------------------------------------------------------------------------------------------------------------------------------------------------------------------------------------+
| Table | Create Table                                                                                                                                                                                                                                                      |
+-------+-------------------------------------------------------------------------------------------------------------------------------------------------------------------------------------------------------------------------------------------------------------------+
| Bolo  | CREATE TABLE `Bolo` (
  `id` int NOT NULL AUTO_INCREMENT,
  `nome` varchar(100) NOT NULL,
  `preco` decimal(10,2) NOT NULL,
  `quantidade` int NOT NULL,
  PRIMARY KEY (`id`)
) ENGINE=InnoDB AUTO_INCREMENT=5 DEFAULT CHARSET=utf8mb4 COLLATE=utf8mb4_0900_ai_ci |
+-------+-------------------------------------------------------------------------------------------------------------------------------------------------------------------------------------------------------------------------------------------------------------------+
1 row in set (0.001 sec)

mysql> ALTER TABLE Bolo
    -> ADD CHECK (preco > 0 AND quantidade >= 0);
Query OK, 4 rows affected (0.075 sec)
Records: 4  Duplicates: 0  Warnings: 0

mysql> SHOW CREATE TABLE Bolo;
+-------+----------------------------------------------------------------------------------------------------------------------------------------------------------------------------------------------------------------------------------------------------------------------------------------------------------------------------------------------+
| Table | Create Table                                                                                                                                                                                                                                                                                                                                 |
+-------+----------------------------------------------------------------------------------------------------------------------------------------------------------------------------------------------------------------------------------------------------------------------------------------------------------------------------------------------+
| Bolo  | CREATE TABLE `Bolo` (
  `id` int NOT NULL AUTO_INCREMENT,
  `nome` varchar(100) NOT NULL,
  `preco` decimal(10,2) NOT NULL,
  `quantidade` int NOT NULL,
  PRIMARY KEY (`id`),
  CONSTRAINT `Bolo_chk_1` CHECK (((`preco` > 0) and (`quantidade` >= 0)))
) ENGINE=InnoDB AUTO_INCREMENT=5 DEFAULT CHARSET=utf8mb4 COLLATE=utf8mb4_0900_ai_ci |
+-------+----------------------------------------------------------------------------------------------------------------------------------------------------------------------------------------------------------------------------------------------------------------------------------------------------------------------------------------------+
1 row in set (0.001 sec)

mysql> INSERT INTO Bolo (nome, preco, quantidade) VALUES('Bolo de laranja', '37.99', '0');
Query OK, 1 row affected (0.045 sec)

mysql> SELECT * FROM Bolo;
+----+------------------------------------+-------+------------+
| id | nome                               | preco | quantidade |
+----+------------------------------------+-------+------------+
|  1 | formigueiro                        | 25.90 |          5 |
|  2 | fuba                               | 25.90 |          2 |
|  3 | cenoura com cobertura de chocolate | 55.99 |         10 |
|  4 | Bolo de milho                      | 35.59 |         12 |
|  5 | Bolo de laranja                    | 37.99 |          0 |
+----+------------------------------------+-------+------------+
5 rows in set (0.001 sec)

mysql> INSERT INTO Bolo (nome, preco, quantidade) VALUES('Bolo de bolo', '37.99', '-1');
ERROR 3819 (HY000): Check constraint 'Bolo_chk_1' is violated.
mysql> SELECT nome, quantidade,
    -> CASE
    -> WHEN quantidade = 0 THEN 'Sem Estoque'
    -> WHEN quantidade < 5 THEN 'Baixo'
    -> WHEN quantidade >= 5 THEN 'Normal'
    -> END AS situacaoEstoque
    -> FROM Bolo;
+------------------------------------+------------+-----------------+
| nome                               | quantidade | situacaoEstoque |
+------------------------------------+------------+-----------------+
| formigueiro                        |          5 | Normal          |
| fuba                               |          2 | Baixo           |
| cenoura com cobertura de chocolate |         10 | Normal          |
| Bolo de milho                      |         12 | Normal          |
| Bolo de laranja                    |          0 | Sem Estoque     |
+------------------------------------+------------+-----------------+
5 rows in set (0.001 sec)

mysql> SELECT nome, quantidade, CASE WHEN quantidade = 0 THEN 'Sem Estoque' WHEN quantidade < 5 THEN 'Baixo' WHEN quantidade >= 5 THEN 'Normal' END AS situacaoEstoque FROM Bolo WHERE situacaoEstoque = 'Baixo' OR situacaoEstoque = 'Sem Estoque';
ERROR 1054 (42S22): Unknown column 'situacaoEstoque' in 'where clause'
mysql> SELECT nome, quantidade, CASE WHEN quantidade = 0 THEN 'Sem Estoque' WHEN quantidade < 5 THEN 'Baixo' WHEN quantidade >= 5 THEN 'Normal' END AS situacaoEstoque FROM Bolo WHERE quantidade < 5;
+-----------------+------------+-----------------+
| nome            | quantidade | situacaoEstoque |
+-----------------+------------+-----------------+
| fuba            |          2 | Baixo           |
| Bolo de laranja |          0 | Sem Estoque     |
+-----------------+------------+-----------------+
2 rows in set (0.001 sec)

mysql> ALTER TABLE Bolo
    -> ADD categoria VARCHAR(100) NOT NULL;
Query OK, 0 rows affected (0.023 sec)
Records: 0  Duplicates: 0  Warnings: 0

mysql> SELECT * FROM Bolo;
+----+------------------------------------+-------+------------+-----------+
| id | nome                               | preco | quantidade | categoria |
+----+------------------------------------+-------+------------+-----------+
|  1 | formigueiro                        | 25.90 |          5 |           |
|  2 | fuba                               | 25.90 |          2 |           |
|  3 | cenoura com cobertura de chocolate | 55.99 |         10 |           |
|  4 | Bolo de milho                      | 35.59 |         12 |           |
|  5 | Bolo de laranja                    | 37.99 |          0 |           |
+----+------------------------------------+-------+------------+-----------+
5 rows in set (0.001 sec)

mysql> UPDATE Bolo SET categoria = raiz WHERE id = 1 OR id = 2 OR id = 4
    -> ;
ERROR 1054 (42S22): Unknown column 'raiz' in 'field list'
mysql> UPDATE Bolo SET categoria = 'raiz' WHERE id = 1 OR id = 2 OR id = 4
    -> ;
Query OK, 3 rows affected (0.012 sec)
Rows matched: 3  Changed: 3  Warnings: 0

mysql> SELECT * FROM Bolo;
+----+------------------------------------+-------+------------+-----------+
| id | nome                               | preco | quantidade | categoria |
+----+------------------------------------+-------+------------+-----------+
|  1 | formigueiro                        | 25.90 |          5 | raiz      |
|  2 | fuba                               | 25.90 |          2 | raiz      |
|  3 | cenoura com cobertura de chocolate | 55.99 |         10 |           |
|  4 | Bolo de milho                      | 35.59 |         12 | raiz      |
|  5 | Bolo de laranja                    | 37.99 |          0 |           |
+----+------------------------------------+-------+------------+-----------+
5 rows in set (0.001 sec)

mysql> UPDATE Bolo SET categoria = 'classico' WHERE id = 3
    -> ;
Query OK, 1 row affected (0.045 sec)
Rows matched: 1  Changed: 1  Warnings: 0

mysql> UPDATE Bolo SET categoria = 'fruta' WHERE id = 5;
Query OK, 1 row affected (0.046 sec)
Rows matched: 1  Changed: 1  Warnings: 0

mysql> SELECT * FROM Bolo;
+----+------------------------------------+-------+------------+-----------+
| id | nome                               | preco | quantidade | categoria |
+----+------------------------------------+-------+------------+-----------+
|  1 | formigueiro                        | 25.90 |          5 | raiz      |
|  2 | fuba                               | 25.90 |          2 | raiz      |
|  3 | cenoura com cobertura de chocolate | 55.99 |         10 | classico  |
|  4 | Bolo de milho                      | 35.59 |         12 | raiz      |
|  5 | Bolo de laranja                    | 37.99 |          0 | fruta     |
+----+------------------------------------+-------+------------+-----------+
5 rows in set (0.001 sec)

mysql> SELECT nome, categoria, preco
    -> CASE
    -> WHEN preco 
    -> 
    -> ;
ERROR 1064 (42000): You have an error in your SQL syntax; check the manual that corresponds to your MySQL server version for the right syntax to use near 'CASE
WHEN preco' at line 2
mysql> SELECT nome, categoria
    -> CASE
    -> WHEN preco <= 35 THEN 'Barato'
    -> WHEN preco > 35 THEN 'Medio'
    -> WHEN preco > 50 THEN 'Caro'
    -> END AS faixaDePreco
    -> FROM Bolo;
ERROR 1064 (42000): You have an error in your SQL syntax; check the manual that corresponds to your MySQL server version for the right syntax to use near 'CASE
WHEN preco <= 35 THEN 'Barato'
WHEN preco > 35 THEN 'Medio'
WHEN preco > 50' at line 2
mysql> SELECT nome, categoria CASE WHEN preco <= 35 THEN 'Barato' WHEN preco < 50 THEN 'Medio' ELSE 'Caro' END AS faixaDePreco FROM Bolo;
ERROR 1064 (42000): You have an error in your SQL syntax; check the manual that corresponds to your MySQL server version for the right syntax to use near 'CASE WHEN preco <= 35 THEN 'Barato' WHEN preco < 50 THEN 'Medio' ELSE 'Caro' END' at line 1
mysql> SELECT nome, categoria, CASE WHEN preco <= 35 THEN 'Barato' WHEN preco < 50 THEN 'Medio' ELSE 'Caro' END AS faixaDePreco FROM Bolo;
+------------------------------------+-----------+--------------+
| nome                               | categoria | faixaDePreco |
+------------------------------------+-----------+--------------+
| formigueiro                        | raiz      | Barato       |
| fuba                               | raiz      | Barato       |
| cenoura com cobertura de chocolate | classico  | Caro         |
| Bolo de milho                      | raiz      | Medio        |
| Bolo de laranja                    | fruta     | Medio        |
+------------------------------------+-----------+--------------+
5 rows in set (0.001 sec)

mysql> SELECT nome, categoria, CASE WHEN preco <= 35 THEN 'Barato' WHEN preco < 50 THEN 'Medio' ELSE 'Caro' END AS faixaDePreco FROM Bolo ORDER BY preco;
+------------------------------------+-----------+--------------+
| nome                               | categoria | faixaDePreco |
+------------------------------------+-----------+--------------+
| formigueiro                        | raiz      | Barato       |
| fuba                               | raiz      | Barato       |
| Bolo de milho                      | raiz      | Medio        |
| Bolo de laranja                    | fruta     | Medio        |
| cenoura com cobertura de chocolate | classico  | Caro         |
+------------------------------------+-----------+--------------+
5 rows in set (0.001 sec)

mysql> CREATE TABLE Venda (
    -> id_venda INT PRIMARY KEY AUTO_INCREMENT,
    -> id_bolo INT NOT NULL,
    -> dataVenda DATE NOT NULL,
    -> quantidadeVend int NOT NULL,
    -> FOREIGN KEY id_bolo REFERENCES Bolo(id));
ERROR 1064 (42000): You have an error in your SQL syntax; check the manual that corresponds to your MySQL server version for the right syntax to use near 'REFERENCES Bolo(id))' at line 6
mysql> CREATE TABLE Venda ( id_venda INT PRIMARY KEY AUTO_INCREMENT, id_bolo INT NOT NULL, dataVenda DATE NOT NULL, quantidadeVend int NOT NULL) FOREIGN KEY id_bolo REFERENCES Bolo(id);
ERROR 1064 (42000): You have an error in your SQL syntax; check the manual that corresponds to your MySQL server version for the right syntax to use near 'FOREIGN KEY id_bolo REFERENCES Bolo(id)' at line 1
mysql> CREATE TABLE Venda ( id_venda INT PRIMARY KEY AUTO_INCREMENT, id_bolo INT NOT NULL, dataVenda DATE NOT NULL, quantidadeVend int NOT NULL, FOREIGN KEY (id_bolo) REFERENCES Bolo(id));
Query OK, 0 rows affected (0.064 sec)

mysql> DESC Venda;
+----------------+------+------+-----+---------+----------------+
| Field          | Type | Null | Key | Default | Extra          |
+----------------+------+------+-----+---------+----------------+
| id_venda       | int  | NO   | PRI | NULL    | auto_increment |
| id_bolo        | int  | NO   | MUL | NULL    |                |
| dataVenda      | date | NO   |     | NULL    |                |
| quantidadeVend | int  | NO   |     | NULL    |                |
+----------------+------+------+-----+---------+----------------+
4 rows in set (0.003 sec)

mysql> BEGIN TRANSACTION 
    -> ;
ERROR 1064 (42000): You have an error in your SQL syntax; check the manual that corresponds to your MySQL server version for the right syntax to use near 'TRANSACTION' at line 1
mysql> BEGIN TRANSACTION;
ERROR 1064 (42000): You have an error in your SQL syntax; check the manual that corresponds to your MySQL server version for the right syntax to use near 'TRANSACTION' at line 1
mysql> START TRANSACTION;
Query OK, 0 rows affected (0.000 sec)

mysql> UPDATE Bolo SET quantidade = quantidade - 1 WHERE id = 1;
Query OK, 1 row affected (0.002 sec)
Rows matched: 1  Changed: 1  Warnings: 0

mysql> SELECT * FROM Bolo;
+----+------------------------------------+-------+------------+-----------+
| id | nome                               | preco | quantidade | categoria |
+----+------------------------------------+-------+------------+-----------+
|  1 | formigueiro                        | 25.90 |          4 | raiz      |
|  2 | fuba                               | 25.90 |          2 | raiz      |
|  3 | cenoura com cobertura de chocolate | 55.99 |         10 | classico  |
|  4 | Bolo de milho                      | 35.59 |         12 | raiz      |
|  5 | Bolo de laranja                    | 37.99 |          0 | fruta     |
+----+------------------------------------+-------+------------+-----------+
5 rows in set (0.001 sec)

mysql> INSERT INTO Venda (id_bolo, dataVenda, quantidadeVend) VALUES (1, now(), 1);
Query OK, 1 row affected, 1 warning (0.001 sec)

mysql> SELECT * FROM Venda;
+----------+---------+------------+----------------+
| id_venda | id_bolo | dataVenda  | quantidadeVend |
+----------+---------+------------+----------------+
|        1 |       1 | 2025-05-21 |              1 |
+----------+---------+------------+----------------+
1 row in set (0.000 sec)

mysql> COMMIT
    -> ;
Query OK, 0 rows affected (0.044 sec)

mysql> START TRANSACTION;
Query OK, 0 rows affected (0.000 sec)

mysql> SELECT * FROM Bolo;
+----+------------------------------------+-------+------------+-----------+
| id | nome                               | preco | quantidade | categoria |
+----+------------------------------------+-------+------------+-----------+
|  1 | formigueiro                        | 25.90 |          4 | raiz      |
|  2 | fuba                               | 25.90 |          2 | raiz      |
|  3 | cenoura com cobertura de chocolate | 55.99 |         10 | classico  |
|  4 | Bolo de milho                      | 35.59 |         12 | raiz      |
|  5 | Bolo de laranja                    | 37.99 |          0 | fruta     |
+----+------------------------------------+-------+------------+-----------+
5 rows in set (0.001 sec)

mysql> UPDATE Bolo SET nome = 'Bolu';
Query OK, 5 rows affected (0.001 sec)
Rows matched: 5  Changed: 5  Warnings: 0

mysql> SELECT * FROM Bolo;
+----+------+-------+------------+-----------+
| id | nome | preco | quantidade | categoria |
+----+------+-------+------------+-----------+
|  1 | Bolu | 25.90 |          4 | raiz      |
|  2 | Bolu | 25.90 |          2 | raiz      |
|  3 | Bolu | 55.99 |         10 | classico  |
|  4 | Bolu | 35.59 |         12 | raiz      |
|  5 | Bolu | 37.99 |          0 | fruta     |
+----+------+-------+------------+-----------+
5 rows in set (0.001 sec)

mysql> ROLLBACK;
Query OK, 0 rows affected (0.012 sec)

mysql> SELECT * FROM Bolo;
+----+------------------------------------+-------+------------+-----------+
| id | nome                               | preco | quantidade | categoria |
+----+------------------------------------+-------+------------+-----------+
|  1 | formigueiro                        | 25.90 |          4 | raiz      |
|  2 | fuba                               | 25.90 |          2 | raiz      |
|  3 | cenoura com cobertura de chocolate | 55.99 |         10 | classico  |
|  4 | Bolo de milho                      | 35.59 |         12 | raiz      |
|  5 | Bolo de laranja                    | 37.99 |          0 | fruta     |
+----+------------------------------------+-------+------------+-----------+
5 rows in set (0.000 sec)

mysql> UPDATE Bolo SET quantidade = quantidade - 1 WHERE id = 3;
Query OK, 1 row affected (0.045 sec)
Rows matched: 1  Changed: 1  Warnings: 0

mysql> SELECT * FROM Bolo;
+----+------------------------------------+-------+------------+-----------+
| id | nome                               | preco | quantidade | categoria |
+----+------------------------------------+-------+------------+-----------+
|  1 | formigueiro                        | 25.90 |          4 | raiz      |
|  2 | fuba                               | 25.90 |          2 | raiz      |
|  3 | cenoura com cobertura de chocolate | 55.99 |          9 | classico  |
|  4 | Bolo de milho                      | 35.59 |         12 | raiz      |
|  5 | Bolo de laranja                    | 37.99 |          0 | fruta     |
+----+------------------------------------+-------+------------+-----------+
5 rows in set (0.001 sec)

mysql> SELECT nome, COUNT(*) FROM Bolo JOIN Vendas;
ERROR 1146 (42S02): Table 'Confeitaria.Vendas' doesn't exist
mysql> SELECT nome, COUNT(*) FROM Bolo NATURAL JOIN Vendas;
ERROR 1146 (42S02): Table 'Confeitaria.Vendas' doesn't exist
mysql> SELECT * FROM Bolo JOIN Vendas;
ERROR 1146 (42S02): Table 'Confeitaria.Vendas' doesn't exist
mysql> SHOW TABLES;
+-----------------------+
| Tables_in_Confeitaria |
+-----------------------+
| Bolo                  |
| Venda                 |
+-----------------------+
2 rows in set (0.002 sec)

mysql> SELECT * FROM Bolo JOIN Venda;
+----+------------------------------------+-------+------------+-----------+----------+---------+------------+----------------+
| id | nome                               | preco | quantidade | categoria | id_venda | id_bolo | dataVenda  | quantidadeVend |
+----+------------------------------------+-------+------------+-----------+----------+---------+------------+----------------+
|  1 | formigueiro                        | 25.90 |          4 | raiz      |        1 |       1 | 2025-05-21 |              1 |
|  2 | fuba                               | 25.90 |          2 | raiz      |        1 |       1 | 2025-05-21 |              1 |
|  3 | cenoura com cobertura de chocolate | 55.99 |          9 | classico  |        1 |       1 | 2025-05-21 |              1 |
|  4 | Bolo de milho                      | 35.59 |         12 | raiz      |        1 |       1 | 2025-05-21 |              1 |
|  5 | Bolo de laranja                    | 37.99 |          0 | fruta     |        1 |       1 | 2025-05-21 |              1 |
+----+------------------------------------+-------+------------+-----------+----------+---------+------------+----------------+
5 rows in set (0.001 sec)

mysql> SELECT nome, quantidadeVend FROM Bolo NATURAL JOIN Venda;
+------------------------------------+----------------+
| nome                               | quantidadeVend |
+------------------------------------+----------------+
| formigueiro                        |              1 |
| fuba                               |              1 |
| cenoura com cobertura de chocolate |              1 |
| Bolo de milho                      |              1 |
| Bolo de laranja                    |              1 |
+------------------------------------+----------------+
5 rows in set (0.001 sec)

mysql> SELECT * FROM Venda;
+----------+---------+------------+----------------+
| id_venda | id_bolo | dataVenda  | quantidadeVend |
+----------+---------+------------+----------------+
|        1 |       1 | 2025-05-21 |              1 |
+----------+---------+------------+----------------+
1 row in set (0.001 sec)

mysql> SHOW CREATE TABLE Venda;
+-------+------------------------------------------------------------------------------------------------------------------------------------------------------------------------------------------------------------------------------------------------------------------------------------------------------------------------------------------------------------------------------------+
| Table | Create Table                                                                                                                                                                                                                                                                                                                                                                       |
+-------+------------------------------------------------------------------------------------------------------------------------------------------------------------------------------------------------------------------------------------------------------------------------------------------------------------------------------------------------------------------------------------+
| Venda | CREATE TABLE `Venda` (
  `id_venda` int NOT NULL AUTO_INCREMENT,
  `id_bolo` int NOT NULL,
  `dataVenda` date NOT NULL,
  `quantidadeVend` int NOT NULL,
  PRIMARY KEY (`id_venda`),
  KEY `id_bolo` (`id_bolo`),
  CONSTRAINT `Venda_ibfk_1` FOREIGN KEY (`id_bolo`) REFERENCES `Bolo` (`id`)
) ENGINE=InnoDB AUTO_INCREMENT=2 DEFAULT CHARSET=utf8mb4 COLLATE=utf8mb4_0900_ai_ci |
+-------+------------------------------------------------------------------------------------------------------------------------------------------------------------------------------------------------------------------------------------------------------------------------------------------------------------------------------------------------------------------------------------+
1 row in set (0.001 sec)

mysql> SELECT nome, quantidadeVend FROM Bolo NATURAL JOIN Venda;
+------------------------------------+----------------+
| nome                               | quantidadeVend |
+------------------------------------+----------------+
| formigueiro                        |              1 |
| fuba                               |              1 |
| cenoura com cobertura de chocolate |              1 |
| Bolo de milho                      |              1 |
| Bolo de laranja                    |              1 |
+------------------------------------+----------------+
5 rows in set (0.001 sec)

mysql> SELECT nome, quantidadeVend FROM Bolo JOIN Venda;
+------------------------------------+----------------+
| nome                               | quantidadeVend |
+------------------------------------+----------------+
| formigueiro                        |              1 |
| fuba                               |              1 |
| cenoura com cobertura de chocolate |              1 |
| Bolo de milho                      |              1 |
| Bolo de laranja                    |              1 |
+------------------------------------+----------------+
5 rows in set (0.001 sec)

mysql> SELECT nome, quantidadeVend FROM Bolo INNER JOIN Venda;
+------------------------------------+----------------+
| nome                               | quantidadeVend |
+------------------------------------+----------------+
| formigueiro                        |              1 |
| fuba                               |              1 |
| cenoura com cobertura de chocolate |              1 |
| Bolo de milho                      |              1 |
| Bolo de laranja                    |              1 |
+------------------------------------+----------------+
5 rows in set (0.001 sec)

mysql> SELECT nome, quantidadeVend FROM Bolo JOIN Venda ON Bolo.id = Venda.id_bolo;
+-------------+----------------+
| nome        | quantidadeVend |
+-------------+----------------+
| formigueiro |              1 |
+-------------+----------------+
1 row in set (0.001 sec)

mysql> SELECT nome, categoria, quantidade FROM Bolo;
+------------------------------------+-----------+------------+
| nome                               | categoria | quantidade |
+------------------------------------+-----------+------------+
| formigueiro                        | raiz      |          4 |
| fuba                               | raiz      |          2 |
| cenoura com cobertura de chocolate | classico  |          9 |
| Bolo de milho                      | raiz      |         12 |
| Bolo de laranja                    | fruta     |          0 |
+------------------------------------+-----------+------------+
5 rows in set (0.001 sec)

mysql> SELECT nome FROM Bolo WHERE id NOT IN ( SELECT id_bolo FROM Venda);
+------------------------------------+
| nome                               |
+------------------------------------+
| fuba                               |
| cenoura com cobertura de chocolate |
| Bolo de milho                      |
| Bolo de laranja                    |
+------------------------------------+
4 rows in set (0.001 sec)

mysql> notee
